[09-Sep-2026 04:38:46 UTC] PHP Deprecated:  trim(): Passing null to parameter #1 ($string) of type string is deprecated in C:\Users\dmain\Local Sites\js-auto-decor\app\public\wp-includes\class-wp-hook.php on line 353
[09-Sep-2026 04:45:44 UTC] WordPress database error Table 'local.wp_woocommerce_attribute_taxonomies' doesn't exist for query SELECT * FROM wp_woocommerce_attribute_taxonomies WHERE attribute_name != '' ORDER BY attribute_name ASC; made by activate_plugin, plugin_sandbox_scrape, include_once('/plugins/woocommerce/woocommerce.php'), WC, WooCommerce::instance, WooCommerce->__construct, WooCommerce->init_hooks, Automattic\WooCommerce\Internal\ProductAttributes\VisualAttributeTermAdmin->register, wc_get_attribute_taxonomies
[09-Sep-2026 10:54:32 UTC] PHP Warning:  Constant AT_START already defined in C:\Users\dmain\Local Sites\js-auto-decor\app\public\wp-content\plugins\mailpoet\vendor-prefixed\cerdic\css-tidy\class.csstidy.php on line 4
[09-Sep-2026 10:54:32 UTC] PHP Warning:  Constant AT_END already defined in C:\Users\dmain\Local Sites\js-auto-decor\app\public\wp-content\plugins\mailpoet\vendor-prefixed\cerdic\css-tidy\class.csstidy.php on line 5
[09-Sep-2026 10:54:32 UTC] PHP Warning:  Constant SEL_START already defined in C:\Users\dmain\Local Sites\js-auto-decor\app\public\wp-content\plugins\mailpoet\vendor-prefixed\cerdic\css-tidy\class.csstidy.php on line 6
[09-Sep-2026 10:54:32 UTC] PHP Warning:  Constant SEL_END already defined in C:\Users\dmain\Local Sites\js-auto-decor\app\public\wp-content\plugins\mailpoet\vendor-prefixed\cerdic\css-tidy\class.csstidy.php on line 7
[09-Sep-2026 10:54:32 UTC] PHP Warning:  Constant PROPERTY already defined in C:\Users\dmain\Local Sites\js-auto-decor\app\public\wp-content\plugins\mailpoet\vendor-prefixed\cerdic\css-tidy\class.csstidy.php on line 8
[09-Sep-2026 10:54:32 UTC] PHP Warning:  Constant VALUE already defined in C:\Users\dmain\Local Sites\js-auto-decor\app\public\wp-content\plugins\mailpoet\vendor-prefixed\cerdic\css-tidy\class.csstidy.php on line 9
[09-Sep-2026 10:54:32 UTC] PHP Warning:  Constant COMMENT already defined in C:\Users\dmain\Local Sites\js-auto-decor\app\public\wp-content\plugins\mailpoet\vendor-prefixed\cerdic\css-tidy\class.csstidy.php on line 10
[09-Sep-2026 10:54:32 UTC] PHP Warning:  Constant IMPORTANT_COMMENT already defined in C:\Users\dmain\Local Sites\js-auto-decor\app\public\wp-content\plugins\mailpoet\vendor-prefixed\cerdic\css-tidy\class.csstidy.php on line 11
[09-Sep-2026 10:54:32 UTC] PHP Warning:  Constant DEFAULT_AT already defined in C:\Users\dmain\Local Sites\js-auto-decor\app\public\wp-content\plugins\mailpoet\vendor-prefixed\cerdic\css-tidy\class.csstidy.php on line 12
[09-Sep-2026 10:56:15 UTC] PHP Warning:  Attempt to read property "requires" on bool in C:\Users\dmain\Local Sites\js-auto-decor\app\public\wp-content\plugins\kata-plus\includes\licensing\class-kata-plus-license-activation.php on line 353
[09-Sep-2026 10:56:15 UTC] PHP Deprecated:  version_compare(): Passing null to parameter #2 ($version2) of type string is deprecated in C:\Users\dmain\Local Sites\js-auto-decor\app\public\wp-content\plugins\kata-plus\includes\licensing\class-kata-plus-license-activation.php on line 353
[09-Sep-2026 11:02:56 UTC] PHP Warning:  Constant AT_START already defined in C:\Users\dmain\Local Sites\js-auto-decor\app\public\wp-content\plugins\kata-plus\includes\styler\vendor\cerdic\css-tidy\class.csstidy.php on line 39
[09-Sep-2026 11:02:56 UTC] PHP Warning:  Constant AT_END already defined in C:\Users\dmain\Local Sites\js-auto-decor\app\public\wp-content\plugins\kata-plus\includes\styler\vendor\cerdic\css-tidy\class.csstidy.php on line 40
[09-Sep-2026 11:02:56 UTC] PHP Warning:  Constant SEL_START already defined in C:\Users\dmain\Local Sites\js-auto-decor\app\public\wp-content\plugins\kata-plus\includes\styler\vendor\cerdic\css-tidy\class.csstidy.php on line 41
[09-Sep-2026 11:02:56 UTC] PHP Warning:  Constant SEL_END already defined in C:\Users\dmain\Local Sites\js-auto-decor\app\public\wp-content\plugins\kata-plus\includes\styler\vendor\cerdic\css-tidy\class.csstidy.php on line 42
[09-Sep-2026 11:02:56 UTC] PHP Warning:  Constant PROPERTY already defined in C:\Users\dmain\Local Sites\js-auto-decor\app\public\wp-content\plugins\kata-plus\includes\styler\vendor\cerdic\css-tidy\class.csstidy.php on line 43
[09-Sep-2026 11:02:56 UTC] PHP Warning:  Constant VALUE already defined in C:\Users\dmain\Local Sites\js-auto-decor\app\public\wp-content\plugins\kata-plus\includes\styler\vendor\cerdic\css-tidy\class.csstidy.php on line 44
[09-Sep-2026 11:02:56 UTC] PHP Warning:  Constant COMMENT already defined in C:\Users\dmain\Local Sites\js-auto-decor\app\public\wp-content\plugins\kata-plus\includes\styler\vendor\cerdic\css-tidy\class.csstidy.php on line 45
[09-Sep-2026 11:02:56 UTC] PHP Warning:  Constant IMPORTANT_COMMENT already defined in C:\Users\dmain\Local Sites\js-auto-decor\app\public\wp-content\plugins\kata-plus\includes\styler\vendor\cerdic\css-tidy\class.csstidy.php on line 46
[09-Sep-2026 11:02:56 UTC] PHP Warning:  Constant DEFAULT_AT already defined in C:\Users\dmain\Local Sites\js-auto-decor\app\public\wp-content\plugins\kata-plus\includes\styler\vendor\cerdic\css-tidy\class.csstidy.php on line 47
[09-Sep-2026 11:08:26 UTC] PHP Warning:  Constant AT_START already defined in C:\Users\dmain\Local Sites\js-auto-decor\app\public\wp-content\plugins\kata-plus\includes\styler\vendor\cerdic\css-tidy\class.csstidy.php on line 39
[09-Sep-2026 11:08:26 UTC] PHP Warning:  Constant AT_END already defined in C:\Users\dmain\Local Sites\js-auto-decor\app\public\wp-content\plugins\kata-plus\includes\styler\vendor\cerdic\css-tidy\class.csstidy.php on line 40
[09-Sep-2026 11:08:26 UTC] PHP Warning:  Constant SEL_START already defined in C:\Users\dmain\Local Sites\js-auto-decor\app\public\wp-content\plugins\kata-plus\includes\styler\vendor\cerdic\css-tidy\class.csstidy.php on line 41
[09-Sep-2026 11:08:26 UTC] PHP Warning:  Constant SEL_END already defined in C:\Users\dmain\Local Sites\js-auto-decor\app\public\wp-content\plugins\kata-plus\includes\styler\vendor\cerdic\css-tidy\class.csstidy.php on line 42
[09-Sep-2026 11:08:26 UTC] PHP Warning:  Constant PROPERTY already defined in C:\Users\dmain\Local Sites\js-auto-decor\app\public\wp-content\plugins\kata-plus\includes\styler\vendor\cerdic\css-tidy\class.csstidy.php on line 43
[09-Sep-2026 11:08:26 UTC] PHP Warning:  Constant VALUE already defined in C:\Users\dmain\Local Sites\js-auto-decor\app\public\wp-content\plugins\kata-plus\includes\styler\vendor\cerdic\css-tidy\class.csstidy.php on line 44
[09-Sep-2026 11:08:26 UTC] PHP Warning:  Constant COMMENT already defined in C:\Users\dmain\Local Sites\js-auto-decor\app\public\wp-content\plugins\kata-plus\includes\styler\vendor\cerdic\css-tidy\class.csstidy.php on line 45
[09-Sep-2026 11:08:26 UTC] PHP Warning:  Constant IMPORTANT_COMMENT already defined in C:\Users\dmain\Local Sites\js-auto-decor\app\public\wp-content\plugins\kata-plus\includes\styler\vendor\cerdic\css-tidy\class.csstidy.php on line 46
[09-Sep-2026 11:08:26 UTC] PHP Warning:  Constant DEFAULT_AT already defined in C:\Users\dmain\Local Sites\js-auto-decor\app\public\wp-content\plugins\kata-plus\includes\styler\vendor\cerdic\css-tidy\class.csstidy.php on line 47
[09-Sep-2026 11:10:10 UTC] PHP Warning:  Constant AT_START already defined in C:\Users\dmain\Local Sites\js-auto-decor\app\public\wp-content\plugins\kata-plus\includes\styler\vendor\cerdic\css-tidy\class.csstidy.php on line 39
[09-Sep-2026 11:10:10 UTC] PHP Warning:  Constant AT_END already defined in C:\Users\dmain\Local Sites\js-auto-decor\app\public\wp-content\plugins\kata-plus\includes\styler\vendor\cerdic\css-tidy\class.csstidy.php on line 40
[09-Sep-2026 11:10:10 UTC] PHP Warning:  Constant SEL_START already defined in C:\Users\dmain\Local Sites\js-auto-decor\app\public\wp-content\plugins\kata-plus\includes\styler\vendor\cerdic\css-tidy\class.csstidy.php on line 41
[09-Sep-2026 11:10:10 UTC] PHP Warning:  Constant SEL_END already defined in C:\Users\dmain\Local Sites\js-auto-decor\app\public\wp-content\plugins\kata-plus\includes\styler\vendor\cerdic\css-tidy\class.csstidy.php on line 42
[09-Sep-2026 11:10:10 UTC] PHP Warning:  Constant PROPERTY already defined in C:\Users\dmain\Local Sites\js-auto-decor\app\public\wp-content\plugins\kata-plus\includes\styler\vendor\cerdic\css-tidy\class.csstidy.php on line 43
[09-Sep-2026 11:10:10 UTC] PHP Warning:  Constant VALUE already defined in C:\Users\dmain\Local Sites\js-auto-decor\app\public\wp-content\plugins\kata-plus\includes\styler\vendor\cerdic\css-tidy\class.csstidy.php on line 44
[09-Sep-2026 11:10:10 UTC] PHP Warning:  Constant COMMENT already defined in C:\Users\dmain\Local Sites\js-auto-decor\app\public\wp-content\plugins\kata-plus\includes\styler\vendor\cerdic\css-tidy\class.csstidy.php on line 45
[09-Sep-2026 11:10:10 UTC] PHP Warning:  Constant IMPORTANT_COMMENT already defined in C:\Users\dmain\Local Sites\js-auto-decor\app\public\wp-content\plugins\kata-plus\includes\styler\vendor\cerdic\css-tidy\class.csstidy.php on line 46
[09-Sep-2026 11:10:10 UTC] PHP Warning:  Constant DEFAULT_AT already defined in C:\Users\dmain\Local Sites\js-auto-decor\app\public\wp-content\plugins\kata-plus\includes\styler\vendor\cerdic\css-tidy\class.csstidy.php on line 47
[09-Sep-2026 11:10:10 UTC] PHP Deprecated:  strtolower(): Passing null to parameter #1 ($string) of type string is deprecated in C:\Users\dmain\Local Sites\js-auto-decor\app\public\wp-content\plugins\kata-plus\includes\elementor\builders\01-builder-base.php on line 354
[09-Sep-2026 11:15:37 UTC] PHP Warning:  Constant AT_START already defined in C:\Users\dmain\Local Sites\js-auto-decor\app\public\wp-content\plugins\kata-plus\includes\styler\vendor\cerdic\css-tidy\class.csstidy.php on line 39
[09-Sep-2026 11:15:37 UTC] PHP Warning:  Constant AT_END already defined in C:\Users\dmain\Local Sites\js-auto-decor\app\public\wp-content\plugins\kata-plus\includes\styler\vendor\cerdic\css-tidy\class.csstidy.php on line 40
[09-Sep-2026 11:15:37 UTC] PHP Warning:  Constant SEL_START already defined in C:\Users\dmain\Local Sites\js-auto-decor\app\public\wp-content\plugins\kata-plus\includes\styler\vendor\cerdic\css-tidy\class.csstidy.php on line 41
[09-Sep-2026 11:15:37 UTC] PHP Warning:  Constant SEL_END already defined in C:\Users\dmain\Local Sites\js-auto-decor\app\public\wp-content\plugins\kata-plus\includes\styler\vendor\cerdic\css-tidy\class.csstidy.php on line 42
[09-Sep-2026 11:15:37 UTC] PHP Warning:  Constant PROPERTY already defined in C:\Users\dmain\Local Sites\js-auto-decor\app\public\wp-content\plugins\kata-plus\includes\styler\vendor\cerdic\css-tidy\class.csstidy.php on line 43
[09-Sep-2026 11:15:37 UTC] PHP Warning:  Constant VALUE already defined in C:\Users\dmain\Local Sites\js-auto-decor\app\public\wp-content\plugins\kata-plus\includes\styler\vendor\cerdic\css-tidy\class.csstidy.php on line 44
[09-Sep-2026 11:15:37 UTC] PHP Warning:  Constant COMMENT already defined in C:\Users\dmain\Local Sites\js-auto-decor\app\public\wp-content\plugins\kata-plus\includes\styler\vendor\cerdic\css-tidy\class.csstidy.php on line 45
[09-Sep-2026 11:15:37 UTC] PHP Warning:  Constant IMPORTANT_COMMENT already defined in C:\Users\dmain\Local Sites\js-auto-decor\app\public\wp-content\plugins\kata-plus\includes\styler\vendor\cerdic\css-tidy\class.csstidy.php on line 46
[09-Sep-2026 11:15:37 UTC] PHP Warning:  Constant DEFAULT_AT already defined in C:\Users\dmain\Local Sites\js-auto-decor\app\public\wp-content\plugins\kata-plus\includes\styler\vendor\cerdic\css-tidy\class.csstidy.php on line 47
[09-Sep-2026 11:15:45 UTC] PHP Warning:  Trying to access array offset on value of type bool in C:\Users\dmain\Local Sites\js-auto-decor\app\public\wp-content\plugins\kata-plus\includes\elementor\modules\logo\view.php on line 25
[09-Sep-2026 11:16:28 UTC] PHP Warning:  Constant AT_START already defined in C:\Users\dmain\Local Sites\js-auto-decor\app\public\wp-content\plugins\kata-plus\includes\styler\vendor\cerdic\css-tidy\class.csstidy.php on line 39
[09-Sep-2026 11:16:28 UTC] PHP Warning:  Constant AT_END already defined in C:\Users\dmain\Local Sites\js-auto-decor\app\public\wp-content\plugins\kata-plus\includes\styler\vendor\cerdic\css-tidy\class.csstidy.php on line 40
[09-Sep-2026 11:16:28 UTC] PHP Warning:  Constant SEL_START already defined in C:\Users\dmain\Local Sites\js-auto-decor\app\public\wp-content\plugins\kata-plus\includes\styler\vendor\cerdic\css-tidy\class.csstidy.php on line 41
[09-Sep-2026 11:16:28 UTC] PHP Warning:  Constant SEL_END already defined in C:\Users\dmain\Local Sites\js-auto-decor\app\public\wp-content\plugins\kata-plus\includes\styler\vendor\cerdic\css-tidy\class.csstidy.php on line 42
[09-Sep-2026 11:16:28 UTC] PHP Warning:  Constant PROPERTY already defined in C:\Users\dmain\Local Sites\js-auto-decor\app\public\wp-content\plugins\kata-plus\includes\styler\vendor\cerdic\css-tidy\class.csstidy.php on line 43
[09-Sep-2026 11:16:28 UTC] PHP Warning:  Constant VALUE already defined in C:\Users\dmain\Local Sites\js-auto-decor\app\public\wp-content\plugins\kata-plus\includes\styler\vendor\cerdic\css-tidy\class.csstidy.php on line 44
[09-Sep-2026 11:16:28 UTC] PHP Warning:  Constant COMMENT already defined in C:\Users\dmain\Local Sites\js-auto-decor\app\public\wp-content\plugins\kata-plus\includes\styler\vendor\cerdic\css-tidy\class.csstidy.php on line 45
[09-Sep-2026 11:16:28 UTC] PHP Warning:  Constant IMPORTANT_COMMENT already defined in C:\Users\dmain\Local Sites\js-auto-decor\app\public\wp-content\plugins\kata-plus\includes\styler\vendor\cerdic\css-tidy\class.csstidy.php on line 46
[09-Sep-2026 11:16:28 UTC] PHP Warning:  Constant DEFAULT_AT already defined in C:\Users\dmain\Local Sites\js-auto-decor\app\public\wp-content\plugins\kata-plus\includes\styler\vendor\cerdic\css-tidy\class.csstidy.php on line 47
[09-Sep-2026 11:17:05 UTC] PHP Warning:  Constant AT_START already defined in C:\Users\dmain\Local Sites\js-auto-decor\app\public\wp-content\plugins\kata-plus\includes\styler\vendor\cerdic\css-tidy\class.csstidy.php on line 39
[09-Sep-2026 11:17:05 UTC] PHP Warning:  Constant AT_END already defined in C:\Users\dmain\Local Sites\js-auto-decor\app\public\wp-content\plugins\kata-plus\includes\styler\vendor\cerdic\css-tidy\class.csstidy.php on line 40
[09-Sep-2026 11:17:05 UTC] PHP Warning:  Constant SEL_START already defined in C:\Users\dmain\Local Sites\js-auto-decor\app\public\wp-content\plugins\kata-plus\includes\styler\vendor\cerdic\css-tidy\class.csstidy.php on line 41
[09-Sep-2026 11:17:05 UTC] PHP Warning:  Constant SEL_END already defined in C:\Users\dmain\Local Sites\js-auto-decor\app\public\wp-content\plugins\kata-plus\includes\styler\vendor\cerdic\css-tidy\class.csstidy.php on line 42
[09-Sep-2026 11:17:05 UTC] PHP Warning:  Constant PROPERTY already defined in C:\Users\dmain\Local Sites\js-auto-decor\app\public\wp-content\plugins\kata-plus\includes\styler\vendor\cerdic\css-tidy\class.csstidy.php on line 43
[09-Sep-2026 11:17:05 UTC] PHP Warning:  Constant VALUE already defined in C:\Users\dmain\Local Sites\js-auto-decor\app\public\wp-content\plugins\kata-plus\includes\styler\vendor\cerdic\css-tidy\class.csstidy.php on line 44
[09-Sep-2026 11:17:05 UTC] PHP Warning:  Constant COMMENT already defined in C:\Users\dmain\Local Sites\js-auto-decor\app\public\wp-content\plugins\kata-plus\includes\styler\vendor\cerdic\css-tidy\class.csstidy.php on line 45
[09-Sep-2026 11:17:05 UTC] PHP Warning:  Constant IMPORTANT_COMMENT already defined in C:\Users\dmain\Local Sites\js-auto-decor\app\public\wp-content\plugins\kata-plus\includes\styler\vendor\cerdic\css-tidy\class.csstidy.php on line 46
[09-Sep-2026 11:17:05 UTC] PHP Warning:  Constant DEFAULT_AT already defined in C:\Users\dmain\Local Sites\js-auto-decor\app\public\wp-content\plugins\kata-plus\includes\styler\vendor\cerdic\css-tidy\class.csstidy.php on line 47
[09-Sep-2026 11:20:28 UTC] PHP Warning:  Constant AT_START already defined in C:\Users\dmain\Local Sites\js-auto-decor\app\public\wp-content\plugins\kata-plus\includes\styler\vendor\cerdic\css-tidy\class.csstidy.php on line 39
[09-Sep-2026 11:20:28 UTC] PHP Warning:  Constant AT_END already defined in C:\Users\dmain\Local Sites\js-auto-decor\app\public\wp-content\plugins\kata-plus\includes\styler\vendor\cerdic\css-tidy\class.csstidy.php on line 40
[09-Sep-2026 11:20:28 UTC] PHP Warning:  Constant SEL_START already defined in C:\Users\dmain\Local Sites\js-auto-decor\app\public\wp-content\plugins\kata-plus\includes\styler\vendor\cerdic\css-tidy\class.csstidy.php on line 41
[09-Sep-2026 11:20:28 UTC] PHP Warning:  Constant SEL_END already defined in C:\Users\dmain\Local Sites\js-auto-decor\app\public\wp-content\plugins\kata-plus\includes\styler\vendor\cerdic\css-tidy\class.csstidy.php on line 42
[09-Sep-2026 11:20:28 UTC] PHP Warning:  Constant PROPERTY already defined in C:\Users\dmain\Local Sites\js-auto-decor\app\public\wp-content\plugins\kata-plus\includes\styler\vendor\cerdic\css-tidy\class.csstidy.php on line 43
[09-Sep-2026 11:20:28 UTC] PHP Warning:  Constant VALUE already defined in C:\Users\dmain\Local Sites\js-auto-decor\app\public\wp-content\plugins\kata-plus\includes\styler\vendor\cerdic\css-tidy\class.csstidy.php on line 44
[09-Sep-2026 11:20:28 UTC] PHP Warning:  Constant COMMENT already defined in C:\Users\dmain\Local Sites\js-auto-decor\app\public\wp-content\plugins\kata-plus\includes\styler\vendor\cerdic\css-tidy\class.csstidy.php on line 45
[09-Sep-2026 11:20:28 UTC] PHP Warning:  Constant IMPORTANT_COMMENT already defined in C:\Users\dmain\Local Sites\js-auto-decor\app\public\wp-content\plugins\kata-plus\includes\styler\vendor\cerdic\css-tidy\class.csstidy.php on line 46
[09-Sep-2026 11:20:28 UTC] PHP Warning:  Constant DEFAULT_AT already defined in C:\Users\dmain\Local Sites\js-auto-decor\app\public\wp-content\plugins\kata-plus\includes\styler\vendor\cerdic\css-tidy\class.csstidy.php on line 47
